// Jest Snapshot v1, https://goo.gl/fbAQLP

exports[`Input renders correctly 1`] = `
.c4 {
  box-sizing: border-box;
  font-size: inherit;
  font-family: inherit;
  border: none;
  -webkit-appearance: none;
  padding: 11px;
  outline: none;
  background: transparent;
  color: inherit;
  font-weight: 400;
  margin: 0;
  border: 1px solid #DDE1f0;
  border-radius: 4px;
  width: 100%;
}

.c4::-webkit-search-decoration {
  -webkit-appearance: none;
}

.c4::-webkit-input-placeholder {
  color: #abb9c5;
}

.c4::-moz-placeholder {
  color: #abb9c5;
}

.c4:-ms-input-placeholder {
  color: #abb9c5;
}

.c4::-moz-focus-inner {
  border: none;
  outline: none;
}

.c2 {
  position: relative;
  width: 100%;
}

.c1 {
  font-family: 'Nunito',Arial,sans-serif;
  font-size: 14px;
  line-height: 1.5;
  box-sizing: border-box;
  -webkit-text-size-adjust: 100%;
  -ms-text-size-adjust: 100%;
  -moz-osx-font-smoothing: grayscale;
  -webkit-font-smoothing: antialiased;
}

.c3 {
  height: 38px;
  padding: 10px;
  padding-left: 20px;
  color: #3c3e42;
  cursor: auto;
}

.c3:focus {
  border-color: #527699;
}

.c0 {
  font-family: 'Nunito',Arial,sans-serif;
  font-size: 14px;
}

.c0 h1,
.c0 h2,
.c0 h3,
.c0 h4,
.c0 h5,
.c0 h6,
.c0 button {
  font-family: CircularStd,Arial,sans-serif;
}

<div
  className="c0 c1"
>
  <div
    className="c2"
  >
    <input
      autoComplete="off"
      className="c3 c4"
      onBlur={[Function]}
      onChange={[Function]}
      onFocus={[Function]}
      onKeyDown={[Function]}
      placeholder="Placeholder Text"
    />
  </div>
</div>
`;
