// Jest Snapshot v1, https://goo.gl/fbAQLP

exports[`Alert renders correctly 1`] = `
.c2 {
  display: -webkit-box;
  display: -webkit-flex;
  display: -ms-flexbox;
  display: flex;
  -webkit-align-items: center;
  -webkit-box-align: center;
  -ms-flex-align: center;
  align-items: center;
  -webkit-box-pack: normal;
  -webkit-justify-content: normal;
  -ms-flex-pack: normal;
  justify-content: normal;
  position: relative;
  min-height: 36px;
  padding: 8px 32px;
  margin: 0;
  border-radius: 3px;
  font-family: inherit;
  font-size: 16px;
  font-kerning: none;
  font-weight: 400;
  -webkit-appearance: none;
  -moz-appearance: none;
  appearance: none;
  -webkit-text-decoration: none;
  text-decoration: none;
  vertical-align: middle;
  line-height: 1.1;
  padding-left: 19px;
  border: 1px solid;
  color: #3c3e42;
}

.c2 .c3,
.c2 .sc-iwsKbI > .sc-gZMcBi {
  font-weight: 700;
}

.c1 {
  font-family: 'Nunito',Arial,sans-serif;
  font-size: 14px;
  line-height: 1.5;
  box-sizing: border-box;
  -webkit-text-size-adjust: 100%;
  -ms-text-size-adjust: 100%;
  -moz-osx-font-smoothing: grayscale;
  -webkit-font-smoothing: antialiased;
}

.c0 {
  font-family: 'Nunito',Arial,sans-serif;
}

.c0 h1,
.c0 h2,
.c0 h3,
.c0 h4,
.c0 h5,
.c0 h6,
.c0 label,
.c0 button {
  font-family: CircularStd,Arial,sans-serif;
}

<div
  className="c0 c1"
>
  <div
    className="c2"
  >
    <div>
      
      An alert
    </div>
  </div>
</div>
`;
