// Jest Snapshot v1, https://goo.gl/fbAQLP

exports[`Button renders correctly 1`] = `
<div
  className="sc-bdVaJa jKopLr"
>
  <div
    className="sc-htoDjs kpLPJf sc-gzVnrw hnoozl"
    color="white"
  >
    <h1>
      Resin.io
    </h1>
    <p>
      Resin.io brings the benefits of Linux containers to the IoT. Develop iteratively, deploy safely, and manage at scale.
    </p>
  </div>
</div>
`;
