// Jest Snapshot v1, https://goo.gl/fbAQLP

exports[`ButtonGroup renders correctly 1`] = `
<div
  className="sc-bdVaJa jKopLr"
>
  <div
    className="sc-kGXeez dcSnUk sc-chPdSV dfDVBP sc-cSHVUG kBGaNN sc-jzJRlG jJxvfu"
  >
    <button
      className="sc-VigVT hegYug sc-gqjmRU fJhKKS sc-htoDjs blFLcR"
    >
      First
    </button>
    <button
      className="sc-VigVT hegYug sc-gqjmRU fJhKKS sc-htoDjs blFLcR"
    >
      Second
    </button>
    <button
      className="sc-VigVT hegYug sc-gqjmRU fJhKKS sc-htoDjs blFLcR"
    >
      Third
    </button>
  </div>
</div>
`;
