// Jest Snapshot v1, https://goo.gl/fbAQLP

exports[`Search renders correctly 1`] = `
<div
  className="sc-bdVaJa iLLxmY"
>
  <div
    className="sc-cSHVUG caRVuD sc-jzJRlG hnQKFB"
  >
    <div
      className="sc-iwsKbI eCiFOJ sc-dnqmqq krhTjU"
    >
      Lorem ipsum dolor so ammet
    </div>
  </div>
</div>
`;
