// Jest Snapshot v1, https://goo.gl/fbAQLP

exports[`DeviceStatusGauge renders correctly 1`] = `
<div
  className="sc-bdVaJa jKopLr"
>
  <div
    className="sc-htoDjs gDCMNh sc-gzVnrw iQdaNH"
    data={
      Array [
        Object {
          "color": "#89c683",
          "key": "idle",
          "name": "Online",
          "value": 0,
        },
        Object {
          "color": "#ffb25e",
          "key": "configuring",
          "name": "Configuring",
          "value": 0,
        },
        Object {
          "color": "#5FB3E7",
          "key": "updating",
          "name": "Updating",
          "value": 0,
        },
        Object {
          "color": "#fd7c7c",
          "key": "offline",
          "name": "Offline",
          "value": 0,
        },
        Object {
          "color": "#aa96d5",
          "key": "post-provisioning",
          "name": "Post Provisioning",
          "value": 0,
        },
      ]
    }
    title="Total Devices"
  >
    <div
      className="gauge__graph"
    >
      <canvas
        height="165"
        width="165"
      />
    </div>
    <ul
      className="gauge__legend"
    >
      <li
        className="gauge__legend-item"
      >
        <span
          className="gauge__legend-color"
          style={
            Object {
              "backgroundColor": "#89c683",
            }
          }
        >
           
        </span>
        <span
          className="gauge__legend-name"
        >
          Online
        </span>
      </li>
      <li
        className="gauge__legend-item"
      >
        <span
          className="gauge__legend-color"
          style={
            Object {
              "backgroundColor": "#ffb25e",
            }
          }
        >
           
        </span>
        <span
          className="gauge__legend-name"
        >
          Configuring
        </span>
      </li>
      <li
        className="gauge__legend-item"
      >
        <span
          className="gauge__legend-color"
          style={
            Object {
              "backgroundColor": "#5FB3E7",
            }
          }
        >
           
        </span>
        <span
          className="gauge__legend-name"
        >
          Updating
        </span>
      </li>
      <li
        className="gauge__legend-item"
      >
        <span
          className="gauge__legend-color"
          style={
            Object {
              "backgroundColor": "#fd7c7c",
            }
          }
        >
           
        </span>
        <span
          className="gauge__legend-name"
        >
          Offline
        </span>
      </li>
      <li
        className="gauge__legend-item"
      >
        <span
          className="gauge__legend-color"
          style={
            Object {
              "backgroundColor": "#aa96d5",
            }
          }
        >
           
        </span>
        <span
          className="gauge__legend-name"
        >
          Post Provisioning
        </span>
      </li>
    </ul>
  </div>
</div>
`;
