// Jest Snapshot v1, https://goo.gl/fbAQLP

exports[`Filters component should match the stored snapshot 1`] = `
<div
  className="sc-bdVaJa jKopLr"
>
  <div
    className="sc-jqCOkK gEbIYX sc-hMqMXs iXgAPF sc-jKJlTe izQvgc sc-kpOJdX iDFmwO"
  >
    <div
      className="sc-eNQAEJ cOpOPT sc-ckVGcZ bTbrkH sc-dxgOiQ bDgFjW"
    >
      <button
        className="sc-VigVT iMLQux sc-htoDjs fAvRR"
        mr={30}
        onClick={[Function]}
        primary={true}
        theme={
          Object {
            "breakpoints": Array [
              32,
              48,
              64,
              80,
            ],
            "colors": Object {
              "danger": Object {
                "dark": "#661B1B",
                "light": "#FFECEC",
                "main": "#FF4444",
                "semilight": "#FFA1A1",
              },
              "gray": Object {
                "dark": "#9f9f9f",
                "light": "#f4f4f4",
                "main": "#c6c8c9",
              },
              "info": Object {
                "dark": "#0D3C58",
                "light": "#E9F4FB",
                "main": "#2297DE",
                "semilight": "#90CBEE",
              },
              "primary": Object {
                "dark": "#1E87C7",
                "light": "#5FB3E7",
                "main": "#2297DE",
              },
              "quartenary": Object {
                "dark": "#D3D6DB",
                "light": "#F0F3F7",
                "main": "#EBEFF4",
              },
              "secondary": Object {
                "dark": "#E5B01F",
                "light": "#FFD45E",
                "main": "#FFC523",
              },
              "statusConfiguring": Object {
                "main": "#ffb25e",
              },
              "statusIdle": Object {
                "main": "#89c683",
              },
              "statusInactive": Object {
                "main": "#d3d6db",
              },
              "statusOffline": Object {
                "main": "#fd7c7c",
              },
              "statusPostProvisioning": Object {
                "main": "#aa96d5",
              },
              "statusUpdating": Object {
                "main": "#75C5F5",
              },
              "success": Object {
                "dark": "#1E4707",
                "light": "#EDF7E7",
                "main": "#4DB313",
                "semilight": "#A6D989",
              },
              "tertiary": Object {
                "dark": "#2F3033",
                "light": "#7E8085",
                "main": "#4D5057",
              },
              "text": Object {
                "dark": "#1c1d1e",
                "light": "#8f9297",
                "main": "#3c3e42",
              },
              "warning": Object {
                "dark": "#64410D",
                "light": "#FEF5E9",
                "main": "#FCA321",
                "semilight": "#FDD190",
              },
            },
            "font": "Roboto, Arial, sans-serif",
            "fontSizes": Array [
              12,
              14,
              16,
              20,
              24,
              32,
              48,
              64,
              72,
              96,
            ],
            "monospace": "'Ubuntu Mono', 'Courier New', monospace",
            "radius": 3,
            "space": Array [
              0,
              4,
              8,
              16,
              36,
              48,
              128,
            ],
            "weights": Array [
              400,
              700,
            ],
          }
        }
      >
        <svg
          fill="currentColor"
          height="1em"
          preserveAspectRatio="xMidYMid meet"
          style={
            Object {
              "color": undefined,
              "marginRight": 10,
              "verticalAlign": "middle",
            }
          }
          viewBox="0 0 40 40"
          width="1em"
        >
          <g>
            <path
              d="m35.8 6.6q0.4 0.9-0.3 1.5l-11 11.1v16.5q0 1-0.9 1.3-0.3 0.1-0.5 0.1-0.6 0-1-0.4l-5.7-5.7q-0.5-0.4-0.5-1v-10.8l-11-11q-0.7-0.7-0.3-1.6 0.4-0.9 1.3-0.9h28.6q0.9 0 1.3 0.9z"
            />
          </g>
        </svg>
        Add filter
      </button>
      <div
        className="sc-dNLxif cDutFD"
      >
        <div
          className="sc-Rmtcm dOVVuC"
        >
          <input
            onChange={[Function]}
            placeholder="Search entries..."
            style={
              Object {
                "color": undefined,
              }
            }
            value=""
          />
          <svg
            className="search-icon"
            fill="currentColor"
            height="1em"
            name="search"
            preserveAspectRatio="xMidYMid meet"
            style={
              Object {
                "color": undefined,
                "verticalAlign": "middle",
              }
            }
            viewBox="0 0 40 40"
            width="1em"
          >
            <g>
              <path
                d="m27.2 18.6q0-4.2-2.9-7.1t-7.1-2.9-7 2.9-3 7.1 2.9 7 7.1 3 7.1-3 2.9-7z m11.4 18.5q0 1.2-0.8 2.1t-2 0.8q-1.2 0-2-0.8l-7.7-7.7q-4 2.8-8.9 2.8-3.2 0-6.1-1.3t-5-3.3-3.4-5-1.2-6.1 1.2-6.1 3.4-5.1 5-3.3 6.1-1.2 6.1 1.2 5 3.3 3.4 5.1 1.2 6.1q0 4.9-2.7 8.9l7.6 7.6q0.8 0.9 0.8 2z"
              />
            </g>
          </svg>
        </div>
      </div>
      <div
        className="sc-kgAjT cuzzPp"
      >
        <div
          className="sc-gisBJw fDpgmb"
        >
          <button
            className="sc-TOsTZ kJgilM sc-VigVT xuzkb sc-dnqmqq kCPRut sc-htoDjs fAvRR"
            ml={30}
            onClick={[Function]}
            pl={16}
            pr={0}
            primary={true}
            theme={
              Object {
                "breakpoints": Array [
                  32,
                  48,
                  64,
                  80,
                ],
                "colors": Object {
                  "danger": Object {
                    "dark": "#661B1B",
                    "light": "#FFECEC",
                    "main": "#FF4444",
                    "semilight": "#FFA1A1",
                  },
                  "gray": Object {
                    "dark": "#9f9f9f",
                    "light": "#f4f4f4",
                    "main": "#c6c8c9",
                  },
                  "info": Object {
                    "dark": "#0D3C58",
                    "light": "#E9F4FB",
                    "main": "#2297DE",
                    "semilight": "#90CBEE",
                  },
                  "primary": Object {
                    "dark": "#1E87C7",
                    "light": "#5FB3E7",
                    "main": "#2297DE",
                  },
                  "quartenary": Object {
                    "dark": "#D3D6DB",
                    "light": "#F0F3F7",
                    "main": "#EBEFF4",
                  },
                  "secondary": Object {
                    "dark": "#E5B01F",
                    "light": "#FFD45E",
                    "main": "#FFC523",
                  },
                  "statusConfiguring": Object {
                    "main": "#ffb25e",
                  },
                  "statusIdle": Object {
                    "main": "#89c683",
                  },
                  "statusInactive": Object {
                    "main": "#d3d6db",
                  },
                  "statusOffline": Object {
                    "main": "#fd7c7c",
                  },
                  "statusPostProvisioning": Object {
                    "main": "#aa96d5",
                  },
                  "statusUpdating": Object {
                    "main": "#75C5F5",
                  },
                  "success": Object {
                    "dark": "#1E4707",
                    "light": "#EDF7E7",
                    "main": "#4DB313",
                    "semilight": "#A6D989",
                  },
                  "tertiary": Object {
                    "dark": "#2F3033",
                    "light": "#7E8085",
                    "main": "#4D5057",
                  },
                  "text": Object {
                    "dark": "#1c1d1e",
                    "light": "#8f9297",
                    "main": "#3c3e42",
                  },
                  "warning": Object {
                    "dark": "#64410D",
                    "light": "#FEF5E9",
                    "main": "#FCA321",
                    "semilight": "#FDD190",
                  },
                },
                "font": "Roboto, Arial, sans-serif",
                "fontSizes": Array [
                  12,
                  14,
                  16,
                  20,
                  24,
                  32,
                  48,
                  64,
                  72,
                  96,
                ],
                "monospace": "'Ubuntu Mono', 'Courier New', monospace",
                "radius": 3,
                "space": Array [
                  0,
                  4,
                  8,
                  16,
                  36,
                  48,
                  128,
                ],
                "weights": Array [
                  400,
                  700,
                ],
              }
            }
          >
            <div
              className="sc-eNQAEJ cOpOPT sc-ckVGcZ bTbrkH sc-dxgOiQ gewqYl"
            >
              <div
                className="sc-hMqMXs fIGBRY sc-jKJlTe izQvgc sc-kpOJdX cPePIG"
              >
                <span>
                  <svg
                    fill="currentColor"
                    height="1em"
                    preserveAspectRatio="xMidYMid meet"
                    style={
                      Object {
                        "color": undefined,
                        "marginRight": 10,
                        "verticalAlign": "middle",
                      }
                    }
                    viewBox="0 0 40 40"
                    width="1em"
                  >
                    <g>
                      <path
                        d="m17.6 19.9l12.2 12.2q-2.3 2.4-5.5 3.7t-6.7 1.3q-4.6 0-8.6-2.3t-6.2-6.2-2.3-8.6 2.3-8.6 6.2-6.2 8.6-2.3v17z m4.2 0.1h17.3q0 3.5-1.4 6.7t-3.7 5.5z m15.8-2.9h-17.1v-17.1q4.7 0 8.6 2.3t6.2 6.2 2.3 8.6z"
                      />
                    </g>
                  </svg>
                  Views
                </span>
              </div>
              <span
                className="sc-cHGsZl fngZyv"
              >
                <svg
                  fill="currentColor"
                  height="1em"
                  preserveAspectRatio="xMidYMid meet"
                  style={
                    Object {
                      "color": undefined,
                      "verticalAlign": "middle",
                    }
                  }
                  viewBox="0 0 40 40"
                  width="1em"
                >
                  <g>
                    <path
                      d="m31.4 15.7q0 0.6-0.5 1l-10 10q-0.4 0.4-1 0.4t-1-0.4l-10-10q-0.4-0.4-0.4-1t0.4-1 1-0.4h20q0.6 0 1 0.4t0.5 1z"
                    />
                  </g>
                </svg>
              </span>
            </div>
          </button>
        </div>
      </div>
    </div>
  </div>
</div>
`;
