// Jest Snapshot v1, https://goo.gl/fbAQLP

exports[`Form component should match the stored snapshot 1`] = `
<div
  className="sc-lhVmIH imhZTm StyledGrommet-sc-19lkkz7-0 bBubtL"
>
  <div
    className="sc-esOvli gEemTu sc-fjdhpX bWPfWm sc-jTzLTM cCyBWy"
  >
    <form
      className="rjsf"
      noValidate={false}
      onSubmit={[Function]}
    >
      <div
        className="form-group field field-object rendition-form__field--root sc-fjdhpX jMCnOO sc-jTzLTM cCyBWy"
      >
        <fieldset>
          <div
            className="form-group field field-string rendition-form__field--root_Name sc-fjdhpX jMCnOO sc-jTzLTM cCyBWy"
          >
            <label
              className="control-label sc-iuJeZd gkgfBa"
              htmlFor="root_Name"
            >
              Pokemon Name
            </label>
            <input
              autoFocus={false}
              className="sc-csuQGl hTSSyH sc-gipzik iEttxk"
              disabled={false}
              id="root_Name"
              label="Pokemon Name"
              onBlur={[Function]}
              onChange={[Function]}
              onFocus={[Function]}
              placeholder=""
              readOnly={false}
              required={false}
              type="text"
              value="Bulbasaur"
            />
            <div />
          </div>
        </fieldset>
        <div />
      </div>
      <button
        className="sc-bZQynM sc-VigVT dzpHnm sc-gzVnrw fFOBuM StyledButton-sc-323bzc-0 jfOEyc"
        onBlur={[Function]}
        onFocus={[Function]}
        onMouseOut={[Function]}
        onMouseOver={[Function]}
        type="submit"
      >
        Submit
      </button>
    </form>
  </div>
</div>
`;
