// Jest Snapshot v1, https://goo.gl/fbAQLP

exports[`JellyForm component should match the stored snapshot 1`] = `
<div
  className="StyledGrommet-sc-19lkkz7-0 bBubtL"
>
  <div
    className="sc-cSHVUG cVRlef"
  >
    <div
      className="sc-cmthru cGDizE sc-gzVnrw pznRG sc-bZQynM kMvugX"
    >
      <form
        className="rjsf"
        noValidate={false}
        onSubmit={[Function]}
      >
        <div
          className="form-group field field-object rendition-form__field--root sc-gzVnrw fcRkeO sc-bZQynM kMvugX"
        >
          <fieldset>
            <legend
              className="sc-hZSUBg itFcTN"
              id="root__title"
            >
              Pokèmon
            </legend>
            <div
              className="form-group field field-string rendition-form__field--root_Name sc-gzVnrw fcRkeO sc-bZQynM kMvugX"
            >
              <label
                className="control-label sc-esOvli fADHvf"
                htmlFor="root_Name"
              >
                Name
                <span
                  className="required"
                >
                  *
                </span>
              </label>
              <input
                autoFocus={false}
                className="sc-gipzik jGrCwz sc-jlyJG PZCUU"
                disabled={false}
                id="root_Name"
                label="Name"
                onBlur={[Function]}
                onChange={[Function]}
                onFocus={[Function]}
                placeholder=""
                readOnly={false}
                required={true}
                type="text"
                value="Bulbasaur"
              />
              <div />
            </div>
          </fieldset>
          <div />
        </div>
        <button
          className="sc-kAzzGY sc-dxgOiQ fZnRKS sc-chPdSV gHrcHq StyledButton-sc-323bzc-0 litbIy"
          onBlur={[Function]}
          onFocus={[Function]}
          onMouseOut={[Function]}
          onMouseOver={[Function]}
          type="submit"
        >
          Submit
        </button>
      </form>
    </div>
  </div>
</div>
`;
