// Jest Snapshot v1, https://goo.gl/fbAQLP

exports[`JellyForm component should match the stored snapshot 1`] = `
<div
  className="sc-cSHVUG qvjIL"
>
  <div
    className="sc-cQFLBn lcYzlH sc-gzVnrw pznRG sc-bZQynM kMvugX"
  >
    <form
      className="rjsf"
      noValidate={false}
      onSubmit={[Function]}
    >
      <div
        className="form-group field field-object rendition-form__field--root sc-gzVnrw fcRkeO sc-bZQynM kMvugX"
      >
        <fieldset>
          <legend
            className="sc-bAeIUo jCPbKS"
            id="root__title"
          >
            Pokèmon
          </legend>
          <div
            className="form-group field field-string rendition-form__field--root_Name sc-gzVnrw fcRkeO sc-bZQynM kMvugX"
          >
            <label
              className="control-label sc-exAgwC jNeAjG"
              htmlFor="root_Name"
            >
              Name
              <span
                className="required"
              >
                *
              </span>
            </label>
            <input
              autoFocus={false}
              className="sc-TOsTZ iaAvvw sc-cHGsZl gRExkK"
              disabled={false}
              id="root_Name"
              label="Name"
              onBlur={[Function]}
              onChange={[Function]}
              onFocus={[Function]}
              placeholder=""
              readOnly={false}
              required={true}
              type="text"
              value="Bulbasaur"
            />
            <div />
          </div>
        </fieldset>
        <div />
      </div>
      <button
        className="sc-ckVGcZ cobMRw sc-chPdSV RVROT"
        type="submit"
      >
        Submit
      </button>
    </form>
  </div>
</div>
`;
