// Jest Snapshot v1, https://goo.gl/fbAQLP

exports[`Modal renders correctly 1`] = `
<div
  className="sc-jwKygS cBmECM StyledGrommet-sc-19lkkz7-0 bBubtL"
>
  <div
    aria-hidden={false}
  >
    <div
      className="StyledLayer-rmtehz-0 hISvz"
      onKeyDown={[Function]}
      tabIndex="-1"
    >
      <div
        className="StyledLayer__StyledOverlay-rmtehz-1 jDYYNt"
        onMouseDown={[Function]}
      />
      <div
        className="StyledLayer__StyledContainer-rmtehz-2 ergMLu"
      >
        <a
          aria-hidden="true"
          className="LayerContainer__HiddenAnchor-sc-1srj14c-0 LMZHJ"
          tabIndex="-1"
        />
        <div
          className="sc-fMiknA cfenJD sc-gzVnrw iVQgQP sc-bZQynM kMvugX"
          onClick={[Function]}
        >
          Modal
          <div
            className="sc-htoDjs iWrvzc sc-gzVnrw PpHOL sc-bZQynM kMvugX"
          >
            <button
              className="sc-kEYyzF sc-jWBwVP ikgZSL sc-kkGfuU gYcgar StyledButton-sc-323bzc-0 jfOEyc"
              onBlur={[Function]}
              onFocus={[Function]}
              onMouseOut={[Function]}
              onMouseOver={[Function]}
              type="button"
            >
              OK
            </button>
          </div>
        </div>
      </div>
    </div>
  </div>
</div>
`;
