// Jest Snapshot v1, https://goo.gl/fbAQLP

exports[`Modal renders correctly 1`] = `
<div
  className="sc-bdVaJa iLLxmY"
>
  <div
    className="sc-chPdSV sc-ckVGcZ cLHgGt sc-kAzzGY ikexOF sc-cSHVUG gbsWRV"
    onClick={[Function]}
  >
    <div
      className="sc-jKJlTe cXwbpL sc-jzJRlG cvFLEa sc-fjdhpX fNNSIL"
      z={8888}
    />
    <div
      className="sc-kEYyzF iSkjgM sc-kAzzGY ikexOF sc-cSHVUG gbsWRV"
    >
      <div
        className="sc-kkGfuU bBINRA sc-kAzzGY fLGkVM sc-cSHVUG gbsWRV"
        onClick={[Function]}
      >
        Modal
        <div
          className="sc-chPdSV gWTjoX sc-kAzzGY cEhHZr sc-cSHVUG gbsWRV"
        >
          <button
            className="sc-VigVT dzpHnm sc-htoDjs hQVMTw"
          >
            OK
          </button>
        </div>
      </div>
    </div>
  </div>
</div>
`;
