// Jest Snapshot v1, https://goo.gl/fbAQLP

exports[`ProgressBar renders correctly 1`] = `
<div
  className="sc-cmTdod ePZXKJ StyledGrommet-sc-19lkkz7-0 bBubtL"
>
  <div
    className="sc-iELTvK kAKPZj sc-feJyhm kFRggS"
    color="#fff"
  >
    <div
      className="sc-cIShpX fbUMjg"
    >
      50
      %
    </div>
    <div
      className="sc-ktHwxA xuZlY"
      style={
        Object {
          "width": "50%",
        }
      }
    >
      <div
        className="sc-kafWEX fKbNOs"
        style={
          Object {
            "width": "200%",
          }
        }
      >
        50
        %
      </div>
    </div>
  </div>
</div>
`;
