// Jest Snapshot v1, https://goo.gl/fbAQLP

exports[`Select component should match the stored snapshot 1`] = `
<div
  className="sc-btzYZH jBDBBH StyledGrommet-sc-19lkkz7-0 bBubtL"
>
  <span
    className="sc-jhAzac eNEMZP sc-hzDkRC jWTBTG"
  >
    <select
      className="sc-bRBYWo jMUPDA"
    >
      <option
        value={1}
      >
        Option 1
      </option>
      <option
        value={2}
      >
        Option 2
      </option>
      <option
        value={3}
      >
        Option 3
      </option>
    </select>
  </span>
</div>
`;
