// Jest Snapshot v1, https://goo.gl/fbAQLP

exports[`Table component should match the stored snapshot 1`] = `
<div
  className="sc-eNQAEJ cMtItN"
>
  <div
    className="sc-hMqMXs jypzAE"
  >
    <div
      data-display="table-head"
    >
      <div
        data-display="table-row"
      />
    </div>
    <div
      data-display="table-body"
    />
  </div>
</div>
`;
