// Jest Snapshot v1, https://goo.gl/fbAQLP

exports[`Table component should match the stored snapshot 1`] = `
<div
  className="sc-btzYZH jBDBBH StyledGrommet-sc-19lkkz7-0 bBubtL"
>
  <div
    className="sc-lhVmIH fuwFDy"
  >
    <div
      className="sc-bYSBpT hTqmcI"
    >
      <div
        data-display="table-head"
      >
        <div
          data-display="table-row"
        />
      </div>
      <div
        data-display="table-body"
      />
    </div>
  </div>
</div>
`;
