// Jest Snapshot v1, https://goo.gl/fbAQLP

exports[`Terminal renders correctly 1`] = `
<div
  className="sc-cmTdod ePZXKJ StyledGrommet-sc-19lkkz7-0 bBubtL"
>
  <div
    className="sc-bYSBpT jjZWLZ sc-gzVnrw pznRG sc-bZQynM kMvugX"
  >
    <div
      className="sc-elJkPf kWvZwM"
    />
  </div>
</div>
`;
