// Jest Snapshot v1, https://goo.gl/fbAQLP

exports[`Textarea component should match the stored snapshot 1`] = `
.c1 {
  font-family: 'Nunito',Arial,sans-serif;
  font-size: 14px;
  line-height: 1.5;
  box-sizing: border-box;
  -webkit-text-size-adjust: 100%;
  -ms-text-size-adjust: 100%;
  -moz-osx-font-smoothing: grayscale;
  -webkit-font-smoothing: antialiased;
}

.c2 {
  border-radius: 3px;
  font-size: inherit;
  border: 1px solid #c6c8c9;
  padding: 8px 16px;
  resize: vertical;
  display: block;
  width: 100%;
}

.c2:hover {
  box-shadow: 0 0 4px 1px rgba(0,0,0,0.1);
}

.c2::-webkit-input-placeholder {
  color: #c6c8c9;
}

.c2::-moz-placeholder {
  color: #c6c8c9;
}

.c2:-ms-input-placeholder {
  color: #c6c8c9;
}

.c2::placeholder {
  color: #c6c8c9;
}

.c0 {
  font-family: 'Nunito',Arial,sans-serif;
  font-size: 14px;
}

.c0 h1,
.c0 h2,
.c0 h3,
.c0 h4,
.c0 h5,
.c0 h6,
.c0 button {
  font-family: CircularStd,Arial,sans-serif;
}

<div
  className="c0 c1"
>
  <textarea
    className="c2"
  />
</div>
`;
