// Jest Snapshot v1, https://goo.gl/fbAQLP

exports[`Form component description keyword should support markdown 1`] = `"<div id=\\"root_foo__description\\" class=\\"sc-gKXOVf QRSBg sc-iBkjds QRvXl sc-hHLeRK dzJWYl sc-bWXABl enblDS rendition-form-description\\"><div class=\\"sc-ivTmOn dNJphr sc-cxabCf hcBkUF\\">Lorem ipsum *dolor* sit amet</div></div>"`;

exports[`Form component ui:help keyword should support markdown 1`] = `"<div id=\\"root_foo\\" class=\\"sc-gKXOVf QRSBg sc-iBkjds QRvXl sc-hHLeRK dzJWYl sc-bWXABl inyRP rendition-form-help\\"><div class=\\"sc-ivTmOn dNJphr sc-cxabCf hcBkUF\\">Lorem ipsum *dolor* sit amet</div></div>"`;
