// Jest Snapshot v1, https://goo.gl/fbAQLP

exports[`RadioButton renders correctly 1`] = `
.c3 {
  display: -webkit-box;
  display: -webkit-flex;
  display: -ms-flexbox;
  display: flex;
  box-sizing: border-box;
  outline: none;
  max-width: 100%;
  margin: 0px;
  -webkit-align-items: center;
  -webkit-box-align: center;
  -ms-flex-align: center;
  align-items: center;
  min-width: 0;
  min-height: 0;
  -webkit-flex-direction: row;
  -ms-flex-direction: row;
  flex-direction: row;
  padding: 0px;
}

.c5 {
  display: -webkit-box;
  display: -webkit-flex;
  display: -ms-flexbox;
  display: flex;
  box-sizing: border-box;
  outline: none;
  max-width: 100%;
  margin-right: 10px;
  min-width: 0;
  min-height: 0;
  -webkit-flex-direction: column;
  -ms-flex-direction: column;
  flex-direction: column;
  padding: 0px;
}

.c7 {
  display: -webkit-box;
  display: -webkit-flex;
  display: -ms-flexbox;
  display: flex;
  box-sizing: border-box;
  outline: none;
  max-width: 100%;
  margin: 0px;
  -webkit-align-items: center;
  -webkit-box-align: center;
  -ms-flex-align: center;
  align-items: center;
  border: solid 1px #7D4CDB;
  min-width: 0;
  min-height: 0;
  -webkit-flex-direction: column;
  -ms-flex-direction: column;
  flex-direction: column;
  height: 20px;
  width: 20px;
  -webkit-box-pack: center;
  -webkit-justify-content: center;
  -ms-flex-pack: center;
  justify-content: center;
  padding: 0px;
  border-radius: 100%;
}

.c0 {
  font-family: 'Nunito',Arial,sans-serif;
  font-size: 14px;
  line-height: 1.5;
  box-sizing: border-box;
  -webkit-text-size-adjust: 100%;
  -ms-text-size-adjust: 100%;
  -moz-osx-font-smoothing: grayscale;
  -webkit-font-smoothing: antialiased;
}

.c4 {
  -webkit-user-select: none;
  -moz-user-select: none;
  -ms-user-select: none;
  user-select: none;
  cursor: pointer;
}

.c4:hover input:not([disabled]) + div,
.c4:hover input:not([disabled]) + span {
  border-color: #527699;
}

.c6 {
  opacity: 0;
  -moz-appearance: none;
  width: 0;
  height: 0;
  margin: 0;
  cursor: pointer;
}

.c8 {
  box-sizing: border-box;
  width: 12px;
  height: 12px;
  fill: #FFFFFF;
}

.c1 {
  font-family: 'Nunito',Arial,sans-serif;
  font-size: 14px;
}

.c1 h1,
.c1 h2,
.c1 h3,
.c1 h4,
.c1 h5,
.c1 h6,
.c1 button {
  font-family: CircularStd,Arial,sans-serif;
}

.c2 > label > span {
  font-family: 'Nunito',Arial,sans-serif;
}

.c2 label input[checked] + div {
  border-color: #00AEEF;
  background: #00AEEF;
}

.c2 label[disabled] {
  opacity: 0.4;
}

.c2 label:hover input[checked] + div {
  border-color: #009dd7;
  background: #009dd7;
}

@media only screen and (max-width:768px) {
  .c3 {
    margin: 0px;
  }
}

@media only screen and (max-width:768px) {
  .c3 {
    padding: 0px;
  }
}

@media only screen and (max-width:768px) {
  .c5 {
    margin-right: 10px;
  }
}

@media only screen and (max-width:768px) {
  .c5 {
    padding: 0px;
  }
}

@media only screen and (max-width:768px) {
  .c7 {
    margin: 0px;
  }
}

@media only screen and (max-width:768px) {
  .c7 {
    border: solid 1px #7D4CDB;
  }
}

@media only screen and (max-width:768px) {
  .c7 {
    padding: 0px;
  }
}

<div
  className="c0 c1"
>
  <div
    className="c2 "
  >
    <label
      className="c3 c4"
      onClick={[Function]}
    >
      <div
        className="c5 "
      >
        <input
          checked={true}
          className="c6"
          name="radio button"
          type="radio"
        />
        <div
          className="c7 "
        >
          <svg
            className="c8"
            preserveAspectRatio="xMidYMid meet"
            viewBox="0 0 24 24"
          >
            <circle
              cx={12}
              cy={12}
              r={6}
            />
          </svg>
        </div>
      </div>
      <span>
        Radio Button
      </span>
    </label>
  </div>
</div>
`;
