// Jest Snapshot v1, https://goo.gl/fbAQLP

exports[`Modal renders correctly 1`] = `
.c12 {
  display: inline-block;
  box-sizing: border-box;
  cursor: pointer;
  font: inherit;
  -webkit-text-decoration: none;
  text-decoration: none;
  margin: 0;
  background: transparent;
  overflow: visible;
  text-transform: none;
  border: 1px solid #00AEEF;
  border-radius: 20px;
  color: #444444;
  padding: 4px 30px;
  font-size: 14px;
  line-height: 1.5;
  background-color: #00AEEF;
  color: #444444;
  border-radius: 20px;
  -webkit-transition-property: color,background-color,border-color,box-shadow;
  transition-property: color,background-color,border-color,box-shadow;
  -webkit-transition-duration: 0.1s;
  transition-duration: 0.1s;
  -webkit-transition-timing-function: ease-in-out;
  transition-timing-function: ease-in-out;
}

.c12:hover {
  box-shadow: 0px 0px 0px 2px #00AEEF;
}

.c12:focus {
  outline: none;
  box-shadow: 0 0 2px 2px #00AEEF;
}

.c12:focus > circle,
.c12:focus > ellipse,
.c12:focus > line,
.c12:focus > path,
.c12:focus > polygon,
.c12:focus > polyline,
.c12:focus > rect {
  outline: none;
  box-shadow: 0 0 2px 2px #00AEEF;
}

.c12:focus::-moz-focus-inner {
  border: 0;
}

.c0 {
  font-family: 'Source Sans Pro',Helvetica,sans-serif;
  font-size: 14px;
  line-height: 1.5;
  box-sizing: border-box;
  -webkit-text-size-adjust: 100%;
  -ms-text-size-adjust: 100%;
  -moz-osx-font-smoothing: grayscale;
  -webkit-font-smoothing: antialiased;
}

.c2 {
  font-family: 'Source Sans Pro',Helvetica,sans-serif;
  font-size: 14px;
  line-height: 1.5;
  box-sizing: border-box;
  -webkit-text-size-adjust: 100%;
  -ms-text-size-adjust: 100%;
  -moz-osx-font-smoothing: grayscale;
  -webkit-font-smoothing: antialiased;
  background: transparent;
  position: relative;
  z-index: 30;
  pointer-events: none;
  outline: none;
  position: fixed;
  top: 0px;
  left: 0px;
  right: 0px;
  bottom: 0px;
}

.c3 {
  position: absolute;
  top: 0px;
  left: 0px;
  right: 0px;
  bottom: 0px;
  background-color: rgba(0,0,0,0.5);
  color: #f8f8f8;
  pointer-events: all;
}

.c4 {
  display: -webkit-box;
  display: -webkit-flex;
  display: -ms-flexbox;
  display: flex;
  -webkit-flex-direction: column;
  -ms-flex-direction: column;
  flex-direction: column;
  min-height: 48px;
  background-color: #FFFFFF;
  color: #444444;
  outline: none;
  pointer-events: all;
  z-index: 40;
  position: absolute;
  max-height: calc(100% - 12px - 12px);
  max-width: calc(100% - 12px - 12px);
  border-radius: 4px;
  top: 50%;
  left: 50%;
  -webkit-transform: translate(-50%,-50%);
  -ms-transform: translate(-50%,-50%);
  transform: translate(-50%,-50%);
}

.c5 {
  width: 0;
  height: 0;
  overflow: hidden;
  position: absolute;
}

.c13 {
  font-weight: 600;
  font-size: 14px;
  height: 38px;
  white-space: nowrap;
  display: -webkit-inline-box;
  display: -webkit-inline-flex;
  display: -ms-inline-flexbox;
  display: inline-flex;
  -webkit-align-items: center;
  -webkit-box-align: center;
  -ms-flex-align: center;
  align-items: center;
  -webkit-box-pack: center;
  -webkit-justify-content: center;
  -ms-flex-pack: center;
  justify-content: center;
}

.c13 svg {
  color: inherit !important;
  font-size: 0.925em;
}

.c13:disabled {
  cursor: not-allowed;
}

.c14 {
  color: white;
}

.c14:hover:enabled,
.c14:focus:enabled,
.c14:active:enabled {
  box-shadow: none;
  background: hsl(196.29999999999995,100%,37.5%);
  border-color: hsl(196.29999999999995,100%,37.5%);
  color: white;
  opacity: initial;
}

.c14:hover:enabled svg,
.c14:focus:enabled svg,
.c14:active:enabled svg {
  color: white !important;
}

.c6 {
  box-sizing: border-box;
}

.c7 {
  width: 700px;
  max-width: 100%;
}

.c9 {
  padding: 16px;
}

.c10 {
  margin-top: 50px;
}

.c11 {
  display: -webkit-box;
  display: -webkit-flex;
  display: -ms-flexbox;
  display: flex;
  -webkit-align-items: center;
  -webkit-box-align: center;
  -ms-flex-align: center;
  align-items: center;
  -webkit-box-pack: end;
  -webkit-justify-content: flex-end;
  -ms-flex-pack: end;
  justify-content: flex-end;
}

.c8 {
  overflow-y: auto;
}

.c1 {
  font-family: 'Source Sans Pro',Helvetica,sans-serif;
  font-size: 14px;
  color: #2A506F;
}

@media screen and (min-width:576px) {
  .c9 {
    padding: 40px 50px 30px;
  }
}

<div
  className="c0 c1"
>
  <div
    aria-hidden={false}
  >
    <div
      className="c2"
      onKeyDown={[Function]}
      tabIndex="-1"
    >
      <div
        className="c3"
        onMouseDown={[Function]}
      />
      <div
        className="c4"
        style={
          Object {
            "marginTop": undefined,
          }
        }
      >
        <a
          aria-hidden="true"
          className="c5"
          tabIndex="-1"
        />
        <div
          className="c6 c7 c8"
          onClick={[Function]}
        >
          <div
            className="c6 c9"
          >
            Modal
            <div
              className="c6 c10 c11"
            >
              <button
                className="c12 c13 c14 "
                onBlur={[Function]}
                onFocus={[Function]}
                onMouseOut={[Function]}
                onMouseOver={[Function]}
                type="button"
              >
                OK
              </button>
            </div>
          </div>
        </div>
      </div>
    </div>
  </div>
</div>
`;
