// Jest Snapshot v1, https://goo.gl/fbAQLP

exports[`ButtonGroup renders correctly 1`] = `
.c4 {
  display: inline-block;
  box-sizing: border-box;
  cursor: pointer;
  outline: none;
  font: inherit;
  -webkit-text-decoration: none;
  text-decoration: none;
  margin: 0;
  background: transparent;
  overflow: visible;
  text-transform: none;
  border: 1px solid #2A506F;
  border-radius: 20px;
  color: #444444;
  padding: 4px 30px;
  font-size: 14px;
  line-height: 1.5;
  -webkit-transition-property: color, background-color, border-color, box-shadow;
  transition-property: color, background-color, border-color, box-shadow;
  -webkit-transition-duration: 0.1s;
  transition-duration: 0.1s;
  -webkit-transition-timing-function: ease-in-out;
  transition-timing-function: ease-in-out;
}

.c4:hover {
  box-shadow: 0px 0px 0px 2px #2A506F;
}

.c0 {
  font-family: 'Nunito',Arial,sans-serif;
  font-size: 14px;
  line-height: 1.5;
  box-sizing: border-box;
  -webkit-text-size-adjust: 100%;
  -ms-text-size-adjust: 100%;
  -moz-osx-font-smoothing: grayscale;
  -webkit-font-smoothing: antialiased;
}

.c5 {
  font-family: CircularStd,Arial,sans-serif;
  font-weight: 500;
  font-size: 14px;
  height: 38px;
  white-space: nowrap;
  display: -webkit-inline-box;
  display: -webkit-inline-flex;
  display: -ms-inline-flexbox;
  display: inline-flex;
  -webkit-align-items: center;
  -webkit-box-align: center;
  -ms-flex-align: center;
  align-items: center;
  -webkit-box-pack: center;
  -webkit-justify-content: center;
  -ms-flex-pack: center;
  justify-content: center;
}

.c5 svg {
  color: inherit !important;
  font-size: 0.925em;
}

.c5:disabled {
  cursor: not-allowed;
}

.c5 {
  color: #3c3e42;
  border-color: #2A506F;
}

.c5 svg {
  color: #527699 !important;
}

.c5:hover:enabled,
.c5:focus:enabled,
.c5:active:enabled {
  box-shadow: none;
  background: #2A506F;
  border-color: #2A506F;
  color: white;
  opacity: undefined;
}

.c5:hover:enabled svg,
.c5:focus:enabled svg,
.c5:active:enabled svg {
  color: white !important;
}

.c2 {
  box-sizing: border-box;
}

.c3 {
  display: -webkit-box;
  display: -webkit-flex;
  display: -ms-flexbox;
  display: flex;
}

.c3 > *:first-child {
  border-top-right-radius: 0;
  border-bottom-right-radius: 0;
}

.c3 > *:last-child {
  border-top-left-radius: 0;
  border-bottom-left-radius: 0;
}

.c3 > *:not(:last-child) {
  border-right: 0;
}

.c3 > *:not(:last-child):not(:first-child) {
  border-radius: 0;
}

.c3 > *:hover {
  z-index: 1;
}

.c1 {
  font-family: 'Nunito',Arial,sans-serif;
  font-size: 14px;
}

.c1 h1,
.c1 h2,
.c1 h3,
.c1 h4,
.c1 h5,
.c1 h6,
.c1 button {
  font-family: CircularStd,Arial,sans-serif;
}

<div
  className="c0 c1"
>
  <div
    className="c2 c3"
  >
    <button
      className="c4 c5 "
      onBlur={[Function]}
      onFocus={[Function]}
      onMouseOut={[Function]}
      onMouseOver={[Function]}
      type="button"
    >
      First
    </button>
    <button
      className="c4 c5 "
      onBlur={[Function]}
      onFocus={[Function]}
      onMouseOut={[Function]}
      onMouseOver={[Function]}
      type="button"
    >
      Second
    </button>
    <button
      className="c4 c5 "
      onBlur={[Function]}
      onFocus={[Function]}
      onMouseOut={[Function]}
      onMouseOver={[Function]}
      type="button"
    >
      Third
    </button>
  </div>
</div>
`;
