// Jest Snapshot v1, https://goo.gl/fbAQLP

exports[`Pager component should match the stored snapshot 1`] = `
.c7 {
  display: inline-block;
  box-sizing: border-box;
  cursor: pointer;
  outline: none;
  font: inherit;
  -webkit-text-decoration: none;
  text-decoration: none;
  margin: 0;
  background: transparent;
  overflow: visible;
  text-transform: none;
  border: 1px solid #DDE1f0;
  border-radius: 20px;
  color: #444444;
  padding: 4px 30px;
  font-size: 14px;
  line-height: 1.5;
  opacity: 0.4;
  cursor: default;
  -webkit-transition-property: color, background-color, border-color, box-shadow;
  transition-property: color, background-color, border-color, box-shadow;
  -webkit-transition-duration: 0.1s;
  transition-duration: 0.1s;
  -webkit-transition-timing-function: ease-in-out;
  transition-timing-function: ease-in-out;
  line-height: 0;
  padding: 12px;
}

.c9 {
  display: inline-block;
  box-sizing: border-box;
  cursor: pointer;
  outline: none;
  font: inherit;
  -webkit-text-decoration: none;
  text-decoration: none;
  margin: 0;
  background: transparent;
  overflow: visible;
  text-transform: none;
  border: 1px solid #DDE1f0;
  border-radius: 20px;
  color: #444444;
  padding: 4px 30px;
  font-size: 14px;
  line-height: 1.5;
  -webkit-transition-property: color, background-color, border-color, box-shadow;
  transition-property: color, background-color, border-color, box-shadow;
  -webkit-transition-duration: 0.1s;
  transition-duration: 0.1s;
  -webkit-transition-timing-function: ease-in-out;
  transition-timing-function: ease-in-out;
  line-height: 0;
  padding: 12px;
}

.c9:hover {
  box-shadow: 0px 0px 0px 2px #DDE1f0;
}

.c0 {
  font-family: 'Nunito',Arial,sans-serif;
  font-size: 14px;
  line-height: 1.5;
  box-sizing: border-box;
  -webkit-text-size-adjust: 100%;
  -ms-text-size-adjust: 100%;
  -moz-osx-font-smoothing: grayscale;
  -webkit-font-smoothing: antialiased;
}

.c8 {
  font-family: CircularStd,Arial,sans-serif;
  font-weight: 500;
  font-size: 14px;
  height: 38px;
  white-space: nowrap;
  display: -webkit-inline-box;
  display: -webkit-inline-flex;
  display: -ms-inline-flexbox;
  display: inline-flex;
  -webkit-align-items: center;
  -webkit-box-align: center;
  -ms-flex-align: center;
  align-items: center;
  -webkit-box-pack: center;
  -webkit-justify-content: center;
  -ms-flex-pack: center;
  justify-content: center;
}

.c8 svg {
  color: inherit !important;
  font-size: 0.925em;
}

.c8:disabled {
  cursor: not-allowed;
}

.c8 {
  color: #3c3e42;
  border-color: #DDE1f0;
}

.c8 svg {
  color: #527699 !important;
}

.c8:hover:enabled,
.c8:focus:enabled,
.c8:active:enabled {
  box-shadow: none;
  background: #DDE1f0;
  border-color: #DDE1f0;
  color: #3c3e42;
  opacity: undefined;
}

.c8:hover:enabled svg,
.c8:focus:enabled svg,
.c8:active:enabled svg {
  color: #3c3e42 !important;
}

.c2 {
  box-sizing: border-box;
}

.c3 {
  display: -webkit-box;
  display: -webkit-flex;
  display: -ms-flexbox;
  display: flex;
  -webkit-align-items: center;
  -webkit-box-align: center;
  -ms-flex-align: center;
  align-items: center;
  -webkit-box-pack: end;
  -webkit-justify-content: flex-end;
  -ms-flex-pack: end;
  justify-content: flex-end;
}

.c5 {
  display: -webkit-box;
  display: -webkit-flex;
  display: -ms-flexbox;
  display: flex;
}

.c4 {
  margin-right: 8px;
}

.c6 {
  display: -webkit-box;
  display: -webkit-flex;
  display: -ms-flexbox;
  display: flex;
}

.c6 > *:first-child {
  border-top-right-radius: 0;
  border-bottom-right-radius: 0;
}

.c6 > *:last-child {
  border-top-left-radius: 0;
  border-bottom-left-radius: 0;
}

.c6 > *:not(:last-child) {
  border-right: 0;
}

.c6 > *:not(:last-child):not(:first-child) {
  border-radius: 0;
}

.c6 > *:hover {
  z-index: 1;
}

.c1 {
  font-family: 'Nunito',Arial,sans-serif;
  font-size: 14px;
}

.c1 h1,
.c1 h2,
.c1 h3,
.c1 h4,
.c1 h5,
.c1 h6,
.c1 button {
  font-family: CircularStd,Arial,sans-serif;
}

<div
  className="c0 c1"
>
  <div
    className="c2 c3"
  >
    <div
      className="c4"
    >
      <strong>
        1
         - 
        50
      </strong>
       
      of 
      <strong>
        436
      </strong>
    </div>
    <div
      className="c2 c5"
    >
      <div
        className="c2 c6"
      >
        <button
          className="c7 c8 rendition-pager__btn--prev"
          disabled={true}
          onBlur={[Function]}
          onClick={[Function]}
          onFocus={[Function]}
          onMouseOut={[Function]}
          onMouseOver={[Function]}
          type="button"
        >
          <svg
            fill="currentColor"
            height="1em"
            preserveAspectRatio="xMidYMid meet"
            style={
              Object {
                "color": undefined,
                "verticalAlign": "middle",
              }
            }
            viewBox="0 0 40 40"
            width="1em"
          >
            <g>
              <path
                d="m31.1 6.7l-11.8 11.9 11.8 11.8q0.5 0.4 0.5 1t-0.5 1l-3.7 3.7q-0.4 0.5-1 0.5t-1-0.5l-16.5-16.5q-0.5-0.4-0.5-1t0.5-1l16.5-16.6q0.5-0.4 1-0.4t1 0.4l3.7 3.7q0.5 0.4 0.5 1t-0.5 1z"
              />
            </g>
          </svg>
        </button>
        <button
          className="c9 c8 rendition-pager__btn--next"
          disabled={false}
          onBlur={[Function]}
          onClick={[Function]}
          onFocus={[Function]}
          onMouseOut={[Function]}
          onMouseOver={[Function]}
          type="button"
        >
          <svg
            fill="currentColor"
            height="1em"
            preserveAspectRatio="xMidYMid meet"
            style={
              Object {
                "color": undefined,
                "verticalAlign": "middle",
              }
            }
            viewBox="0 0 40 40"
            width="1em"
          >
            <g>
              <path
                d="m31.2 19.6l-16.6 16.5q-0.4 0.5-1 0.5t-1-0.5l-3.7-3.7q-0.4-0.4-0.4-1t0.4-1l11.9-11.8-11.9-11.9q-0.4-0.4-0.4-1t0.4-1l3.7-3.7q0.5-0.4 1-0.4t1 0.4l16.6 16.6q0.4 0.4 0.4 1t-0.4 1z"
              />
            </g>
          </svg>
        </button>
      </div>
    </div>
  </div>
</div>
`;
